%!Adobe-FontList 1.10

%BeginFont
Handler:DirectoryHandler
FontType:Invalid
OutlineFileName:Z:\run\user\1000\gvfs\sftp:host=3886records.de,user=root\srv\apache2\3886records.de\www\production\current\public\css\\responsive.css
FileModTime:1369055888
%EndFont

%BeginFont
Handler:DirectoryHandler
FontType:Invalid
OutlineFileName:Z:\run\user\1000\gvfs\sftp:host=3886records.de,user=root\srv\apache2\3886records.de\www\production\current\public\css\\font-awesome.min.css
FileModTime:1365412526
%EndFont

%BeginFont
Handler:DirectoryHandler
FontType:Invalid
OutlineFileName:Z:\run\user\1000\gvfs\sftp:host=3886records.de,user=root\srv\apache2\3886records.de\www\production\current\public\css\\supersized.css
FileModTime:1365500839
%EndFont

%BeginFont
Handler:DirectoryHandler
FontType:Invalid
OutlineFileName:Z:\run\user\1000\gvfs\sftp:host=3886records.de,user=root\srv\apache2\3886records.de\www\production\current\public\css\\bootstrap.min.css
FileModTime:1365412526
%EndFont

%BeginFont
Handler:DirectoryHandler
FontType:Invalid
OutlineFileName:Z:\run\user\1000\gvfs\sftp:host=3886records.de,user=root\srv\apache2\3886records.de\www\production\current\public\css\\bootstrap.css
FileModTime:1369037229
%EndFont

%BeginFont
Handler:DirectoryHandler
FontType:Invalid
OutlineFileName:Z:\run\user\1000\gvfs\sftp:host=3886records.de,user=root\srv\apache2\3886records.de\www\production\current\public\css\\custom.css
FileModTime:1384782758
%EndFont

%BeginFont
Handler:DirectoryHandler
FontType:Invalid
OutlineFileName:Z:\run\user\1000\gvfs\sftp:host=3886records.de,user=root\srv\apache2\3886records.de\www\production\current\public\css\\font-awesome.css
FileModTime:1365412526
%EndFont

%BeginFont
Handler:DirectoryHandler
FontType:Invalid
OutlineFileName:Z:\run\user\1000\gvfs\sftp:host=3886records.de,user=root\srv\apache2\3886records.de\www\production\current\public\css\\fonts.css
FileModTime:1365412525
%EndFont

%BeginFont
Handler:DirectoryHandler
FontType:Invalid
OutlineFileName:Z:\run\user\1000\gvfs\sftp:host=3886records.de,user=root\srv\apache2\3886records.de\www\production\current\public\css\\cassette-tape-ui.css
FileModTime:1380708224
%EndFont

%BeginFont
Handler:DirectoryHandler
FontType:Invalid
OutlineFileName:Z:\run\user\1000\gvfs\sftp:host=3886records.de,user=root\srv\apache2\3886records.de\www\production\current\public\css\\colorbox.css
FileModTime:1365412527
%EndFont

%BeginFont
Handler:DirectoryHandler
FontType:Invalid
OutlineFileName:Z:\run\user\1000\gvfs\sftp:host=3886records.de,user=root\srv\apache2\3886records.de\www\production\current\public\css\\font-awesome-ie7.min.css
FileModTime:1365412526
%EndFont

%BeginFont
Handler:DirectoryHandler
FontType:Invalid
OutlineFileName:Z:\run\user\1000\gvfs\sftp:host=3886records.de,user=root\srv\apache2\3886records.de\www\production\current\public\css\\bootstrap-responsive.min.css
FileModTime:1365412527
%EndFont

%BeginFont
Handler:DirectoryHandler
FontType:Invalid
OutlineFileName:Z:\run\user\1000\gvfs\sftp:host=3886records.de,user=root\srv\apache2\3886records.de\www\production\current\public\css\\bootstrap-responsive.css
FileModTime:1380535444
%EndFont

%BeginFont
Handler:DirectoryHandler
FontType:Invalid
OutlineFileName:Z:\run\user\1000\gvfs\sftp:host=3886records.de,user=root\srv\apache2\3886records.de\www\production\current\public\css\\images\overlay.png
FileModTime:1365412529
%EndFont

%BeginFont
Handler:DirectoryHandler
FontType:Invalid
OutlineFileName:Z:\run\user\1000\gvfs\sftp:host=3886records.de,user=root\srv\apache2\3886records.de\www\production\current\public\css\\images\loading.gif
FileModTime:1365412528
%EndFont

%BeginFont
Handler:DirectoryHandler
FontType:Invalid
OutlineFileName:Z:\run\user\1000\gvfs\sftp:host=3886records.de,user=root\srv\apache2\3886records.de\www\production\current\public\css\\images\loading_background.png
FileModTime:1365412528
%EndFont

%BeginFont
Handler:DirectoryHandler
FontType:Invalid
OutlineFileName:Z:\run\user\1000\gvfs\sftp:host=3886records.de,user=root\srv\apache2\3886records.de\www\production\current\public\css\\images\border1.png
FileModTime:1365412528
%EndFont

%BeginFont
Handler:DirectoryHandler
FontType:Invalid
OutlineFileName:Z:\run\user\1000\gvfs\sftp:host=3886records.de,user=root\srv\apache2\3886records.de\www\production\current\public\css\\images\border2.png
FileModTime:1365412528
%EndFont

%BeginFont
Handler:DirectoryHandler
FontType:Invalid
OutlineFileName:Z:\run\user\1000\gvfs\sftp:host=3886records.de,user=root\srv\apache2\3886records.de\www\production\current\public\css\\images\Thumbs.db
FileModTime:1365412528
%EndFont

%BeginFont
Handler:DirectoryHandler
FontType:Invalid
OutlineFileName:Z:\run\user\1000\gvfs\sftp:host=3886records.de,user=root\srv\apache2\3886records.de\www\production\current\public\css\\images\border.png
FileModTime:1365412528
%EndFont

%BeginFont
Handler:DirectoryHandler
FontType:Invalid
OutlineFileName:Z:\run\user\1000\gvfs\sftp:host=3886records.de,user=root\srv\apache2\3886records.de\www\production\current\public\css\\images\controls.png
FileModTime:1365412529
%EndFont

%BeginFont
Handler:DirectoryHandler
FontType:Invalid
OutlineFileName:Z:\run\user\1000\gvfs\sftp:host=3886records.de,user=root\srv\apache2\3886records.de\www\production\current\public\css\\images\ie6\borderTopLeft.png
FileModTime:1365412529
%EndFont

%BeginFont
Handler:DirectoryHandler
FontType:Invalid
OutlineFileName:Z:\run\user\1000\gvfs\sftp:host=3886records.de,user=root\srv\apache2\3886records.de\www\production\current\public\css\\images\ie6\borderBottomCenter.png
FileModTime:1365412530
%EndFont

%BeginFont
Handler:DirectoryHandler
FontType:Invalid
OutlineFileName:Z:\run\user\1000\gvfs\sftp:host=3886records.de,user=root\srv\apache2\3886records.de\www\production\current\public\css\\images\ie6\borderTopCenter.png
FileModTime:1365412529
%EndFont

%BeginFont
Handler:DirectoryHandler
FontType:Invalid
OutlineFileName:Z:\run\user\1000\gvfs\sftp:host=3886records.de,user=root\srv\apache2\3886records.de\www\production\current\public\css\\images\ie6\borderBottomRight.png
FileModTime:1365412530
%EndFont

%BeginFont
Handler:DirectoryHandler
FontType:Invalid
OutlineFileName:Z:\run\user\1000\gvfs\sftp:host=3886records.de,user=root\srv\apache2\3886records.de\www\production\current\public\css\\images\ie6\borderMiddleLeft.png
FileModTime:1365412530
%EndFont

%BeginFont
Handler:DirectoryHandler
FontType:Invalid
OutlineFileName:Z:\run\user\1000\gvfs\sftp:host=3886records.de,user=root\srv\apache2\3886records.de\www\production\current\public\css\\images\ie6\borderMiddleRight.png
FileModTime:1365412529
%EndFont

%BeginFont
Handler:DirectoryHandler
FontType:Invalid
OutlineFileName:Z:\run\user\1000\gvfs\sftp:host=3886records.de,user=root\srv\apache2\3886records.de\www\production\current\public\css\\images\ie6\borderBottomLeft.png
FileModTime:1365412530
%EndFont

%BeginFont
Handler:DirectoryHandler
FontType:Invalid
OutlineFileName:Z:\run\user\1000\gvfs\sftp:host=3886records.de,user=root\srv\apache2\3886records.de\www\production\current\public\css\\images\ie6\borderTopRight.png
FileModTime:1365412529
%EndFont

%BeginFont
Handler:DirectoryHandler
FontType:Invalid
OutlineFileName:Z:\run\user\1000\gvfs\sftp:host=3886records.de,user=root\srv\apache2\3886records.de\www\production\current\public\css\\images\ie6\Thumbs.db
FileModTime:1365412530
%EndFont

%BeginFont
Handler:DirectoryHandler
FontType:Invalid
OutlineFileName:Z:\run\user\1000\gvfs\sftp:host=3886records.de,user=root\srv\apache2\3886records.de\www\production\current\public\css\\ui\jquery-ui-1.10.3.custom.min.css
FileModTime:1368190934
%EndFont

%BeginFont
Handler:DirectoryHandler
FontType:Invalid
OutlineFileName:Z:\run\user\1000\gvfs\sftp:host=3886records.de,user=root\srv\apache2\3886records.de\www\production\current\public\css\\ui\jquery-ui-1.10.3.custom.css
FileModTime:1368190934
%EndFont

%BeginFont
Handler:DirectoryHandler
FontType:Invalid
OutlineFileName:Z:\run\user\1000\gvfs\sftp:host=3886records.de,user=root\srv\apache2\3886records.de\www\production\current\public\css\\ui\images\ui-icons_72a7cf_256x240.png
FileModTime:1368190934
%EndFont

%BeginFont
Handler:DirectoryHandler
FontType:Invalid
OutlineFileName:Z:\run\user\1000\gvfs\sftp:host=3886records.de,user=root\srv\apache2\3886records.de\www\production\current\public\css\\ui\images\ui-bg_glass_100_e4f1fb_1x400.png
FileModTime:1368190934
%EndFont

%BeginFont
Handler:DirectoryHandler
FontType:Invalid
OutlineFileName:Z:\run\user\1000\gvfs\sftp:host=3886records.de,user=root\srv\apache2\3886records.de\www\production\current\public\css\\ui\images\ui-bg_diagonals-thick_90_eeeeee_40x40.png
FileModTime:1368190934
%EndFont

%BeginFont
Handler:DirectoryHandler
FontType:Invalid
OutlineFileName:Z:\run\user\1000\gvfs\sftp:host=3886records.de,user=root\srv\apache2\3886records.de\www\production\current\public\css\\ui\images\ui-bg_glass_50_3baae3_1x400.png
FileModTime:1368190934
%EndFont

%BeginFont
Handler:DirectoryHandler
FontType:Invalid
OutlineFileName:Z:\run\user\1000\gvfs\sftp:host=3886records.de,user=root\srv\apache2\3886records.de\www\production\current\public\css\\ui\images\ui-icons_ffffff_256x240.png
FileModTime:1368190934
%EndFont

%BeginFont
Handler:DirectoryHandler
FontType:Invalid
OutlineFileName:Z:\run\user\1000\gvfs\sftp:host=3886records.de,user=root\srv\apache2\3886records.de\www\production\current\public\css\\ui\images\ui-bg_highlight-hard_100_f2f5f7_1x100.png
FileModTime:1368190934
%EndFont

%BeginFont
Handler:DirectoryHandler
FontType:Invalid
OutlineFileName:Z:\run\user\1000\gvfs\sftp:host=3886records.de,user=root\srv\apache2\3886records.de\www\production\current\public\css\\ui\images\ui-bg_highlight-soft_100_deedf7_1x100.png
FileModTime:1368190934
%EndFont

%BeginFont
Handler:DirectoryHandler
FontType:Invalid
OutlineFileName:Z:\run\user\1000\gvfs\sftp:host=3886records.de,user=root\srv\apache2\3886records.de\www\production\current\public\css\\ui\images\ui-bg_flat_15_cd0a0a_40x100.png
FileModTime:1368190934
%EndFont

%BeginFont
Handler:DirectoryHandler
FontType:Invalid
OutlineFileName:Z:\run\user\1000\gvfs\sftp:host=3886records.de,user=root\srv\apache2\3886records.de\www\production\current\public\css\\ui\images\ui-icons_2e83ff_256x240.png
FileModTime:1368190934
%EndFont

%BeginFont
Handler:DirectoryHandler
FontType:Invalid
OutlineFileName:Z:\run\user\1000\gvfs\sftp:host=3886records.de,user=root\srv\apache2\3886records.de\www\production\current\public\css\\ui\images\ui-bg_highlight-soft_25_ffef8f_1x100.png
FileModTime:1368190934
%EndFont

%BeginFont
Handler:DirectoryHandler
FontType:Invalid
OutlineFileName:Z:\run\user\1000\gvfs\sftp:host=3886records.de,user=root\srv\apache2\3886records.de\www\production\current\public\css\\ui\images\animated-overlay.gif
FileModTime:1368190934
%EndFont

%BeginFont
Handler:DirectoryHandler
FontType:Invalid
OutlineFileName:Z:\run\user\1000\gvfs\sftp:host=3886records.de,user=root\srv\apache2\3886records.de\www\production\current\public\css\\ui\images\ui-bg_highlight-hard_70_000000_1x100.png
FileModTime:1368190934
%EndFont

%BeginFont
Handler:DirectoryHandler
FontType:Invalid
OutlineFileName:Z:\run\user\1000\gvfs\sftp:host=3886records.de,user=root\srv\apache2\3886records.de\www\production\current\public\css\\ui\images\ui-bg_glass_80_d7ebf9_1x400.png
FileModTime:1368190934
%EndFont

%BeginFont
Handler:DirectoryHandler
FontType:Invalid
OutlineFileName:Z:\run\user\1000\gvfs\sftp:host=3886records.de,user=root\srv\apache2\3886records.de\www\production\current\public\css\\ui\images\ui-icons_2694e8_256x240.png
FileModTime:1368190934
%EndFont

%BeginFont
Handler:DirectoryHandler
FontType:Invalid
OutlineFileName:Z:\run\user\1000\gvfs\sftp:host=3886records.de,user=root\srv\apache2\3886records.de\www\production\current\public\css\\ui\images\ui-icons_3d80b3_256x240.png
FileModTime:1368190934
%EndFont

%BeginFont
Handler:DirectoryHandler
FontType:Invalid
OutlineFileName:Z:\run\user\1000\gvfs\sftp:host=3886records.de,user=root\srv\apache2\3886records.de\www\production\current\public\css\\responsive.css
FileModTime:1369055888
%EndFont

%BeginFont
Handler:DirectoryHandler
FontType:Invalid
OutlineFileName:Z:\run\user\1000\gvfs\sftp:host=3886records.de,user=root\srv\apache2\3886records.de\www\production\current\public\css\\font-awesome.min.css
FileModTime:1365412526
%EndFont

%BeginFont
Handler:DirectoryHandler
FontType:Invalid
OutlineFileName:Z:\run\user\1000\gvfs\sftp:host=3886records.de,user=root\srv\apache2\3886records.de\www\production\current\public\css\\supersized.css
FileModTime:1365500839
%EndFont

%BeginFont
Handler:DirectoryHandler
FontType:Invalid
OutlineFileName:Z:\run\user\1000\gvfs\sftp:host=3886records.de,user=root\srv\apache2\3886records.de\www\production\current\public\css\\bootstrap.min.css
FileModTime:1365412526
%EndFont

%BeginFont
Handler:DirectoryHandler
FontType:Invalid
OutlineFileName:Z:\run\user\1000\gvfs\sftp:host=3886records.de,user=root\srv\apache2\3886records.de\www\production\current\public\css\\bootstrap.css
FileModTime:1369037229
%EndFont

%BeginFont
Handler:DirectoryHandler
FontType:Invalid
OutlineFileName:Z:\run\user\1000\gvfs\sftp:host=3886records.de,user=root\srv\apache2\3886records.de\www\production\current\public\css\\custom.css
FileModTime:1384782791
%EndFont

%BeginFont
Handler:DirectoryHandler
FontType:Invalid
OutlineFileName:Z:\run\user\1000\gvfs\sftp:host=3886records.de,user=root\srv\apache2\3886records.de\www\production\current\public\css\\font-awesome.css
FileModTime:1365412526
%EndFont

%BeginFont
Handler:DirectoryHandler
FontType:Invalid
OutlineFileName:Z:\run\user\1000\gvfs\sftp:host=3886records.de,user=root\srv\apache2\3886records.de\www\production\current\public\css\\fonts.css
FileModTime:1365412525
%EndFont

%BeginFont
Handler:DirectoryHandler
FontType:Invalid
OutlineFileName:Z:\run\user\1000\gvfs\sftp:host=3886records.de,user=root\srv\apache2\3886records.de\www\production\current\public\css\\cassette-tape-ui.css
FileModTime:1380708224
%EndFont

%BeginFont
Handler:DirectoryHandler
FontType:Invalid
OutlineFileName:Z:\run\user\1000\gvfs\sftp:host=3886records.de,user=root\srv\apache2\3886records.de\www\production\current\public\css\\colorbox.css
FileModTime:1365412527
%EndFont

%BeginFont
Handler:DirectoryHandler
FontType:Invalid
OutlineFileName:Z:\run\user\1000\gvfs\sftp:host=3886records.de,user=root\srv\apache2\3886records.de\www\production\current\public\css\\font-awesome-ie7.min.css
FileModTime:1365412526
%EndFont

%BeginFont
Handler:DirectoryHandler
FontType:Invalid
OutlineFileName:Z:\run\user\1000\gvfs\sftp:host=3886records.de,user=root\srv\apache2\3886records.de\www\production\current\public\css\\bootstrap-responsive.min.css
FileModTime:1365412527
%EndFont

%BeginFont
Handler:DirectoryHandler
FontType:Invalid
OutlineFileName:Z:\run\user\1000\gvfs\sftp:host=3886records.de,user=root\srv\apache2\3886records.de\www\production\current\public\css\\bootstrap-responsive.css
FileModTime:1380535444
%EndFont

%BeginFont
Handler:DirectoryHandler
FontType:Invalid
OutlineFileName:Z:\run\user\1000\gvfs\sftp:host=3886records.de,user=root\srv\apache2\3886records.de\www\production\current\public\css\\images\overlay.png
FileModTime:1365412529
%EndFont

%BeginFont
Handler:DirectoryHandler
FontType:Invalid
OutlineFileName:Z:\run\user\1000\gvfs\sftp:host=3886records.de,user=root\srv\apache2\3886records.de\www\production\current\public\css\\images\loading.gif
FileModTime:1365412528
%EndFont

%BeginFont
Handler:DirectoryHandler
FontType:Invalid
OutlineFileName:Z:\run\user\1000\gvfs\sftp:host=3886records.de,user=root\srv\apache2\3886records.de\www\production\current\public\css\\images\loading_background.png
FileModTime:1365412528
%EndFont

%BeginFont
Handler:DirectoryHandler
FontType:Invalid
OutlineFileName:Z:\run\user\1000\gvfs\sftp:host=3886records.de,user=root\srv\apache2\3886records.de\www\production\current\public\css\\images\border1.png
FileModTime:1365412528
%EndFont

%BeginFont
Handler:DirectoryHandler
FontType:Invalid
OutlineFileName:Z:\run\user\1000\gvfs\sftp:host=3886records.de,user=root\srv\apache2\3886records.de\www\production\current\public\css\\images\border2.png
FileModTime:1365412528
%EndFont

%BeginFont
Handler:DirectoryHandler
FontType:Invalid
OutlineFileName:Z:\run\user\1000\gvfs\sftp:host=3886records.de,user=root\srv\apache2\3886records.de\www\production\current\public\css\\images\Thumbs.db
FileModTime:1365412528
%EndFont

%BeginFont
Handler:DirectoryHandler
FontType:Invalid
OutlineFileName:Z:\run\user\1000\gvfs\sftp:host=3886records.de,user=root\srv\apache2\3886records.de\www\production\current\public\css\\images\border.png
FileModTime:1365412528
%EndFont

%BeginFont
Handler:DirectoryHandler
FontType:Invalid
OutlineFileName:Z:\run\user\1000\gvfs\sftp:host=3886records.de,user=root\srv\apache2\3886records.de\www\production\current\public\css\\images\controls.png
FileModTime:1365412529
%EndFont

%BeginFont
Handler:DirectoryHandler
FontType:Invalid
OutlineFileName:Z:\run\user\1000\gvfs\sftp:host=3886records.de,user=root\srv\apache2\3886records.de\www\production\current\public\css\\images\ie6\borderTopLeft.png
FileModTime:1365412529
%EndFont

%BeginFont
Handler:DirectoryHandler
FontType:Invalid
OutlineFileName:Z:\run\user\1000\gvfs\sftp:host=3886records.de,user=root\srv\apache2\3886records.de\www\production\current\public\css\\images\ie6\borderBottomCenter.png
FileModTime:1365412530
%EndFont

%BeginFont
Handler:DirectoryHandler
FontType:Invalid
OutlineFileName:Z:\run\user\1000\gvfs\sftp:host=3886records.de,user=root\srv\apache2\3886records.de\www\production\current\public\css\\images\ie6\borderTopCenter.png
FileModTime:1365412529
%EndFont

%BeginFont
Handler:DirectoryHandler
FontType:Invalid
OutlineFileName:Z:\run\user\1000\gvfs\sftp:host=3886records.de,user=root\srv\apache2\3886records.de\www\production\current\public\css\\images\ie6\borderBottomRight.png
FileModTime:1365412530
%EndFont

%BeginFont
Handler:DirectoryHandler
FontType:Invalid
OutlineFileName:Z:\run\user\1000\gvfs\sftp:host=3886records.de,user=root\srv\apache2\3886records.de\www\production\current\public\css\\images\ie6\borderMiddleLeft.png
FileModTime:1365412530
%EndFont

%BeginFont
Handler:DirectoryHandler
FontType:Invalid
OutlineFileName:Z:\run\user\1000\gvfs\sftp:host=3886records.de,user=root\srv\apache2\3886records.de\www\production\current\public\css\\images\ie6\borderMiddleRight.png
FileModTime:1365412529
%EndFont

%BeginFont
Handler:DirectoryHandler
FontType:Invalid
OutlineFileName:Z:\run\user\1000\gvfs\sftp:host=3886records.de,user=root\srv\apache2\3886records.de\www\production\current\public\css\\images\ie6\borderBottomLeft.png
FileModTime:1365412530
%EndFont

%BeginFont
Handler:DirectoryHandler
FontType:Invalid
OutlineFileName:Z:\run\user\1000\gvfs\sftp:host=3886records.de,user=root\srv\apache2\3886records.de\www\production\current\public\css\\images\ie6\borderTopRight.png
FileModTime:1365412529
%EndFont

%BeginFont
Handler:DirectoryHandler
FontType:Invalid
OutlineFileName:Z:\run\user\1000\gvfs\sftp:host=3886records.de,user=root\srv\apache2\3886records.de\www\production\current\public\css\\images\ie6\Thumbs.db
FileModTime:1365412530
%EndFont

%BeginFont
Handler:DirectoryHandler
FontType:Invalid
OutlineFileName:Z:\run\user\1000\gvfs\sftp:host=3886records.de,user=root\srv\apache2\3886records.de\www\production\current\public\css\\ui\jquery-ui-1.10.3.custom.min.css
FileModTime:1368190934
%EndFont

%BeginFont
Handler:DirectoryHandler
FontType:Invalid
OutlineFileName:Z:\run\user\1000\gvfs\sftp:host=3886records.de,user=root\srv\apache2\3886records.de\www\production\current\public\css\\ui\jquery-ui-1.10.3.custom.css
FileModTime:1368190934
%EndFont

%BeginFont
Handler:DirectoryHandler
FontType:Invalid
OutlineFileName:Z:\run\user\1000\gvfs\sftp:host=3886records.de,user=root\srv\apache2\3886records.de\www\production\current\public\css\\ui\images\ui-icons_72a7cf_256x240.png
FileModTime:1368190934
%EndFont

%BeginFont
Handler:DirectoryHandler
FontType:Invalid
OutlineFileName:Z:\run\user\1000\gvfs\sftp:host=3886records.de,user=root\srv\apache2\3886records.de\www\production\current\public\css\\ui\images\ui-bg_glass_100_e4f1fb_1x400.png
FileModTime:1368190934
%EndFont

%BeginFont
Handler:DirectoryHandler
FontType:Invalid
OutlineFileName:Z:\run\user\1000\gvfs\sftp:host=3886records.de,user=root\srv\apache2\3886records.de\www\production\current\public\css\\ui\images\ui-bg_diagonals-thick_90_eeeeee_40x40.png
FileModTime:1368190934
%EndFont

%BeginFont
Handler:DirectoryHandler
FontType:Invalid
OutlineFileName:Z:\run\user\1000\gvfs\sftp:host=3886records.de,user=root\srv\apache2\3886records.de\www\production\current\public\css\\ui\images\ui-bg_glass_50_3baae3_1x400.png
FileModTime:1368190934
%EndFont

%BeginFont
Handler:DirectoryHandler
FontType:Invalid
OutlineFileName:Z:\run\user\1000\gvfs\sftp:host=3886records.de,user=root\srv\apache2\3886records.de\www\production\current\public\css\\ui\images\ui-icons_ffffff_256x240.png
FileModTime:1368190934
%EndFont

%BeginFont
Handler:DirectoryHandler
FontType:Invalid
OutlineFileName:Z:\run\user\1000\gvfs\sftp:host=3886records.de,user=root\srv\apache2\3886records.de\www\production\current\public\css\\ui\images\ui-bg_highlight-hard_100_f2f5f7_1x100.png
FileModTime:1368190934
%EndFont

%BeginFont
Handler:DirectoryHandler
FontType:Invalid
OutlineFileName:Z:\run\user\1000\gvfs\sftp:host=3886records.de,user=root\srv\apache2\3886records.de\www\production\current\public\css\\ui\images\ui-bg_highlight-soft_100_deedf7_1x100.png
FileModTime:1368190934
%EndFont

%BeginFont
Handler:DirectoryHandler
FontType:Invalid
OutlineFileName:Z:\run\user\1000\gvfs\sftp:host=3886records.de,user=root\srv\apache2\3886records.de\www\production\current\public\css\\ui\images\ui-bg_flat_15_cd0a0a_40x100.png
FileModTime:1368190934
%EndFont

%BeginFont
Handler:DirectoryHandler
FontType:Invalid
OutlineFileName:Z:\run\user\1000\gvfs\sftp:host=3886records.de,user=root\srv\apache2\3886records.de\www\production\current\public\css\\ui\images\ui-icons_2e83ff_256x240.png
FileModTime:1368190934
%EndFont

%BeginFont
Handler:DirectoryHandler
FontType:Invalid
OutlineFileName:Z:\run\user\1000\gvfs\sftp:host=3886records.de,user=root\srv\apache2\3886records.de\www\production\current\public\css\\ui\images\ui-bg_highlight-soft_25_ffef8f_1x100.png
FileModTime:1368190934
%EndFont

%BeginFont
Handler:DirectoryHandler
FontType:Invalid
OutlineFileName:Z:\run\user\1000\gvfs\sftp:host=3886records.de,user=root\srv\apache2\3886records.de\www\production\current\public\css\\ui\images\animated-overlay.gif
FileModTime:1368190934
%EndFont

%BeginFont
Handler:DirectoryHandler
FontType:Invalid
OutlineFileName:Z:\run\user\1000\gvfs\sftp:host=3886records.de,user=root\srv\apache2\3886records.de\www\production\current\public\css\\ui\images\ui-bg_highlight-hard_70_000000_1x100.png
FileModTime:1368190934
%EndFont

%BeginFont
Handler:DirectoryHandler
FontType:Invalid
OutlineFileName:Z:\run\user\1000\gvfs\sftp:host=3886records.de,user=root\srv\apache2\3886records.de\www\production\current\public\css\\ui\images\ui-bg_glass_80_d7ebf9_1x400.png
FileModTime:1368190934
%EndFont

%BeginFont
Handler:DirectoryHandler
FontType:Invalid
OutlineFileName:Z:\run\user\1000\gvfs\sftp:host=3886records.de,user=root\srv\apache2\3886records.de\www\production\current\public\css\\ui\images\ui-icons_2694e8_256x240.png
FileModTime:1368190934
%EndFont

%BeginFont
Handler:DirectoryHandler
FontType:Invalid
OutlineFileName:Z:\run\user\1000\gvfs\sftp:host=3886records.de,user=root\srv\apache2\3886records.de\www\production\current\public\css\\ui\images\ui-icons_3d80b3_256x240.png
FileModTime:1368190934
%EndFont

